Category: 📺央视频道, Name: CCTV-2, Total: 14, Valid: 14, Valid Percent: 100.00%, Whitelist: 0, IPv4: 14, IPv6: 0, Min Delay: 728 ms, Max Speed: 6.21 M/s, Avg Speed: 1.58 M/s, Max Resolution: 1920x1080
Category: 📺央视频道, Name: CCTV-3, Total: 17, Valid: 17, Valid Percent: 100.00%, Whitelist: 0, IPv4: 17, IPv6: 0, Min Delay: 56 ms, Max Speed: 94.61 M/s, Avg Speed: 23.59 M/s, Max Resolution: 1920x1080
Category: 📺央视频道, Name: CCTV-4, Total: 14, Valid: 14, Valid Percent: 100.00%, Whitelist: 0, IPv4: 14, IPv6: 0, Min Delay: 56 ms, Max Speed: 94.61 M/s, Avg Speed: 35.22 M/s, Max Resolution: 1920x1080
Category: 📺央视频道, Name: CCTV-5, Total: 24, Valid: 24, Valid Percent: 100.00%, Whitelist: 0, IPv4: 24, IPv6: 0, Min Delay: 56 ms, Max Speed: 94.61 M/s, Avg Speed: 21.30 M/s, Max Resolution: 1920x1080
Category: 📺央视频道, Name: CCTV-5+, Total: 5, Valid: 5, Valid Percent: 100.00%, Whitelist: 0, IPv4: 5, IPv6: 0, Min Delay: 477 ms, Max Speed: 5.56 M/s, Avg Speed: 2.43 M/s, Max Resolution: 1920x1080
Category: 📺央视频道, Name: CCTV-6, Total: 22, Valid: 22, Valid Percent: 100.00%, Whitelist: 0, IPv4: 22, IPv6: 0, Min Delay: 56 ms, Max Speed: 94.61 M/s, Avg Speed: 31.70 M/s, Max Resolution: 1920x1080
Category: 📺央视频道, Name: CCTV-7, Total: 21, Valid: 21, Valid Percent: 100.00%, Whitelist: 0, IPv4: 21, IPv6: 0, Min Delay: 56 ms, Max Speed: 94.61 M/s, Avg Speed: 32.76 M/s, Max Resolution: 1920x1080
Category: 📺央视频道, Name: CCTV-8, Total: 26, Valid: 26, Valid Percent: 100.00%, Whitelist: 0, IPv4: 26, IPv6: 0, Min Delay: 56 ms, Max Speed: 94.61 M/s, Avg Speed: 23.69 M/s, Max Resolution: 1920x1080
Category: 📺央视频道, Name: CCTV-9, Total: 22, Valid: 22, Valid Percent: 100.00%, Whitelist: 0, IPv4: 22, IPv6: 0, Min Delay: 56 ms, Max Speed: 94.61 M/s, Avg Speed: 31.55 M/s, Max Resolution: 1920x1080
Category: 📺央视频道, Name: CCTV-10, Total: 27, Valid: 27, Valid Percent: 100.00%, Whitelist: 0, IPv4: 27, IPv6: 0, Min Delay: 56 ms, Max Speed: 94.61 M/s, Avg Speed: 25.77 M/s, Max Resolution: 1920x1080
Category: 📺央视频道, Name: CCTV-11, Total: 21, Valid: 21, Valid Percent: 100.00%, Whitelist: 0, IPv4: 21, IPv6: 0, Min Delay: 56 ms, Max Speed: 94.61 M/s, Avg Speed: 28.57 M/s, Max Resolution: 1920x1080
Category: 📺央视频道, Name: CCTV-12, Total: 22, Valid: 22, Valid Percent: 100.00%, Whitelist: 0, IPv4: 22, IPv6: 0, Min Delay: 56 ms, Max Speed: 94.61 M/s, Avg Speed: 31.58 M/s, Max Resolution: 1920x1080
Category: 📺央视频道, Name: CCTV-13, Total: 22, Valid: 22, Valid Percent: 100.00%, Whitelist: 0, IPv4: 20, IPv6: 2, Min Delay: 56 ms, Max Speed: 94.61 M/s, Avg Speed: 31.23 M/s, Max Resolution: 1920x1080
Category: 📺央视频道, Name: CCTV-14, Total: 25, Valid: 25, Valid Percent: 100.00%, Whitelist: 0, IPv4: 23, IPv6: 2, Min Delay: 56 ms, Max Speed: 94.61 M/s, Avg Speed: 27.96 M/s, Max Resolution: 1920x1080
Category: 📺央视频道, Name: CCTV-15, Total: 24, Valid: 24, Valid Percent: 100.00%, Whitelist: 0, IPv4: 24, IPv6: 0, Min Delay: 56 ms, Max Speed: 94.61 M/s, Avg Speed: 29.16 M/s, Max Resolution: 1920x1080
Category: 📺央视频道, Name: CCTV-16, Total: 17, Valid: 17, Valid Percent: 100.00%, Whitelist: 0, IPv4: 17, IPv6: 0, Min Delay: 56 ms, Max Speed: 94.61 M/s, Avg Speed: 24.37 M/s, Max Resolution: 1920x1080
Category: 📺央视频道, Name: CCTV-17, Total: 20, Valid: 20, Valid Percent: 100.00%, Whitelist: 0, IPv4: 20, IPv6: 0, Min Delay: 56 ms, Max Speed: 94.61 M/s, Avg Speed: 34.67 M/s, Max Resolution: 1920x1080
Category: 📡卫视频道, Name: 广东卫视, Total: 16, Valid: 16, Valid Percent: 100.00%, Whitelist: 0, IPv4: 16, IPv6: 0, Min Delay: 56 ms, Max Speed: 94.61 M/s, Avg Speed: 41.05 M/s, Max Resolution: 1920x1080
Category: 📡卫视频道, Name: 浙江卫视, Total: 16, Valid: 16, Valid Percent: 100.00%, Whitelist: 0, IPv4: 16, IPv6: 0, Min Delay: 56 ms, Max Speed: 94.61 M/s, Avg Speed: 36.69 M/s, Max Resolution: 1920x1080
Category: 📡卫视频道, Name: 湖南卫视, Total: 27, Valid: 27, Valid Percent: 100.00%, Whitelist: 0, IPv4: 27, IPv6: 0, Min Delay: 56 ms, Max Speed: 94.61 M/s, Avg Speed: 27.17 M/s, Max Resolution: 3840x2160
Category: 📡卫视频道, Name: 北京卫视, Total: 18, Valid: 18, Valid Percent: 100.00%, Whitelist: 0, IPv4: 18, IPv6: 0, Min Delay: 56 ms, Max Speed: 94.61 M/s, Avg Speed: 32.76 M/s, Max Resolution: 1920x1080
Category: 📡卫视频道, Name: 湖北卫视, Total: 17, Valid: 17, Valid Percent: 100.00%, Whitelist: 0, IPv4: 17, IPv6: 0, Min Delay: 56 ms, Max Speed: 94.61 M/s, Avg Speed: 40.36 M/s, Max Resolution: 1920x1080
Category: 📡卫视频道, Name: 黑龙江卫视, Total: 16, Valid: 16, Valid Percent: 100.00%, Whitelist: 0, IPv4: 16, IPv6: 0, Min Delay: 56 ms, Max Speed: 94.61 M/s, Avg Speed: 42.72 M/s, Max Resolution: 1920x1080
Category: 📡卫视频道, Name: 安徽卫视, Total: 17, Valid: 17, Valid Percent: 100.00%, Whitelist: 0, IPv4: 17, IPv6: 0, Min Delay: 56 ms, Max Speed: 94.61 M/s, Avg Speed: 40.29 M/s, Max Resolution: 1920x1080
Category: 📡卫视频道, Name: 重庆卫视, Total: 18, Valid: 18, Valid Percent: 100.00%, Whitelist: 0, IPv4: 18, IPv6: 0, Min Delay: 56 ms, Max Speed: 94.61 M/s, Avg Speed: 43.37 M/s, Max Resolution: 1920x1080
Category: 📡卫视频道, Name: 东方卫视, Total: 20, Valid: 20, Valid Percent: 100.00%, Whitelist: 0, IPv4: 20, IPv6: 0, Min Delay: 56 ms, Max Speed: 94.61 M/s, Avg Speed: 40.75 M/s, Max Resolution: 1920x1080
Category: 📡卫视频道, Name: 东南卫视, Total: 17, Valid: 17, Valid Percent: 100.00%, Whitelist: 0, IPv4: 17, IPv6: 0, Min Delay: 56 ms, Max Speed: 94.61 M/s, Avg Speed: 51.06 M/s, Max Resolution: 1920x1080
Category: 📡卫视频道, Name: 甘肃卫视, Total: 11, Valid: 11, Valid Percent: 100.00%, Whitelist: 0, IPv4: 11, IPv6: 0, Min Delay: 56 ms, Max Speed: 94.61 M/s, Avg Speed: 61.66 M/s, Max Resolution: 1920x1080
Category: 📡卫视频道, Name: 广西卫视, Total: 17, Valid: 16, Valid Percent: 94.12%, Whitelist: 0, IPv4: 17, IPv6: 0, Min Delay: 56 ms, Max Speed: 94.61 M/s, Avg Speed: 54.21 M/s, Max Resolution: 1920x1080
Category: 📡卫视频道, Name: 贵州卫视, Total: 18, Valid: 18, Valid Percent: 100.00%, Whitelist: 0, IPv4: 18, IPv6: 0, Min Delay: 56 ms, Max Speed: 94.61 M/s, Avg Speed: 53.70 M/s, Max Resolution: 1920x1080
Category: 📡卫视频道, Name: 海南卫视, Total: 11, Valid: 11, Valid Percent: 100.00%, Whitelist: 0, IPv4: 11, IPv6: 0, Min Delay: 56 ms, Max Speed: 94.61 M/s, Avg Speed: 60.69 M/s, Max Resolution: 1920x1080
Category: 📡卫视频道, Name: 河北卫视, Total: 19, Valid: 19, Valid Percent: 100.00%, Whitelist: 0, IPv4: 19, IPv6: 0, Min Delay: 56 ms, Max Speed: 94.61 M/s, Avg Speed: 45.97 M/s, Max Resolution: 1920x1080
Category: 📡卫视频道, Name: 河南卫视, Total: 20, Valid: 20, Valid Percent: 100.00%, Whitelist: 0, IPv4: 20, IPv6: 0, Min Delay: 56 ms, Max Speed: 94.61 M/s, Avg Speed: 48.44 M/s, Max Resolution: 1920x1080
Category: 📡卫视频道, Name: 吉林卫视, Total: 14, Valid: 14, Valid Percent: 100.00%, Whitelist: 0, IPv4: 14, IPv6: 0, Min Delay: 56 ms, Max Speed: 94.61 M/s, Avg Speed: 42.01 M/s, Max Resolution: 1920x1080
Category: 📡卫视频道, Name: 江苏卫视, Total: 19, Valid: 19, Valid Percent: 100.00%, Whitelist: 0, IPv4: 19, IPv6: 0, Min Delay: 56 ms, Max Speed: 94.61 M/s, Avg Speed: 37.91 M/s, Max Resolution: 1920x1080
Category: 📡卫视频道, Name: 江西卫视, Total: 16, Valid: 16, Valid Percent: 100.00%, Whitelist: 0, IPv4: 16, IPv6: 0, Min Delay: 56 ms, Max Speed: 94.61 M/s, Avg Speed: 42.72 M/s, Max Resolution: 1920x1080
Category: 📡卫视频道, Name: 辽宁卫视, Total: 17, Valid: 17, Valid Percent: 100.00%, Whitelist: 0, IPv4: 17, IPv6: 0, Min Delay: 56 ms, Max Speed: 94.61 M/s, Avg Speed: 45.88 M/s, Max Resolution: 1920x1080
Category: 📡卫视频道, Name: 内蒙古卫视, Total: 14, Valid: 14, Valid Percent: 100.00%, Whitelist: 0, IPv4: 14, IPv6: 0, Min Delay: 56 ms, Max Speed: 94.61 M/s, Avg Speed: 35.42 M/s, Max Resolution: 1920x1080
Category: 📡卫视频道, Name: 宁夏卫视, Total: 13, Valid: 13, Valid Percent: 100.00%, Whitelist: 0, IPv4: 13, IPv6: 0, Min Delay: 56 ms, Max Speed: 94.61 M/s, Avg Speed: 45.62 M/s, Max Resolution: 1920x1080
Category: 📡卫视频道, Name: 青海卫视, Total: 18, Valid: 18, Valid Percent: 100.00%, Whitelist: 0, IPv4: 16, IPv6: 2, Min Delay: 56 ms, Max Speed: 94.61 M/s, Avg Speed: 43.31 M/s, Max Resolution: 1920x1080
Category: 📡卫视频道, Name: 山东卫视, Total: 19, Valid: 19, Valid Percent: 100.00%, Whitelist: 0, IPv4: 19, IPv6: 0, Min Delay: 56 ms, Max Speed: 94.61 M/s, Avg Speed: 36.12 M/s, Max Resolution: 1920x1080
Category: 📡卫视频道, Name: 山西卫视, Total: 12, Valid: 12, Valid Percent: 100.00%, Whitelist: 0, IPv4: 12, IPv6: 0, Min Delay: 56 ms, Max Speed: 94.61 M/s, Avg Speed: 41.14 M/s, Max Resolution: 1920x1080
Category: 📡卫视频道, Name: 陕西卫视, Total: 12, Valid: 12, Valid Percent: 100.00%, Whitelist: 0, IPv4: 12, IPv6: 0, Min Delay: 56 ms, Max Speed: 94.61 M/s, Avg Speed: 25.64 M/s, Max Resolution: 1920x1080
Category: 📡卫视频道, Name: 四川卫视, Total: 19, Valid: 19, Valid Percent: 100.00%, Whitelist: 0, IPv4: 19, IPv6: 0, Min Delay: 56 ms, Max Speed: 94.61 M/s, Avg Speed: 50.91 M/s, Max Resolution: 1920x1080
Category: 📡卫视频道, Name: 深圳卫视, Total: 16, Valid: 16, Valid Percent: 100.00%, Whitelist: 0, IPv4: 16, IPv6: 0, Min Delay: 56 ms, Max Speed: 94.61 M/s, Avg Speed: 42.81 M/s, Max Resolution: 1920x1080
Category: 📡卫视频道, Name: 三沙卫视, Total: 11, Valid: 11, Valid Percent: 100.00%, Whitelist: 0, IPv4: 11, IPv6: 0, Min Delay: 56 ms, Max Speed: 94.61 M/s, Avg Speed: 52.75 M/s, Max Resolution: 1920x1080
Category: 📡卫视频道, Name: 天津卫视, Total: 14, Valid: 14, Valid Percent: 100.00%, Whitelist: 0, IPv4: 14, IPv6: 0, Min Delay: 56 ms, Max Speed: 94.61 M/s, Avg Speed: 41.77 M/s, Max Resolution: 1920x1080
Category: 📡卫视频道, Name: 西藏卫视, Total: 11, Valid: 11, Valid Percent: 100.00%, Whitelist: 0, IPv4: 11, IPv6: 0, Min Delay: 56 ms, Max Speed: 94.61 M/s, Avg Speed: 44.12 M/s, Max Resolution: 1920x1080
Category: 📡卫视频道, Name: 新疆卫视, Total: 13, Valid: 13, Valid Percent: 100.00%, Whitelist: 0, IPv4: 13, IPv6: 0, Min Delay: 56 ms, Max Speed: 94.61 M/s, Avg Speed: 38.03 M/s, Max Resolution: 1920x1080
Category: 📡卫视频道, Name: 云南卫视, Total: 18, Valid: 18, Valid Percent: 100.00%, Whitelist: 0, IPv4: 18, IPv6: 0, Min Delay: 56 ms, Max Speed: 94.61 M/s, Avg Speed: 48.47 M/s, Max Resolution: 1920x1080
